⚠️ Primary 'cenvalarc.bigmem' full (1/1), skipping.
✅ Submitted H2O_B3LYP_6-31+Gdp_q0_m1.com → Job ID 1590340 (partition=short)
⚠️ Primary 'cenvalarc.bigmem' full (1/1), skipping.
✅ Submitted H2O_B3LYP_STO-3G_q0_m1.com → Job ID 1590341 (partition=short)
⚠️ Primary 'cenvalarc.bigmem' full (1/1), skipping.
✅ Submitted H2O_B3LYP_genecp_q0_m1.com → Job ID 1590342 (partition=short)
⚠️ Primary 'cenvalarc.bigmem' full (1/1), skipping.
✅ Submitted H2O_CAM-B3LYP_6-31+Gdp_q0_m1.com → Job ID 1590343 (partition=short)
⚠️ Primary 'cenvalarc.bigmem' full (1/1), skipping.
✅ Submitted H2O_CAM-B3LYP_STO-3G_q0_m1.com → Job ID 1590344 (partition=short)
⚠️ Primary 'cenvalarc.bigmem' full (1/1), skipping.
✅ Submitted H2O_CAM-B3LYP_genecp_q0_m1.com → Job ID 1590345 (partition=short)
⚠️ Primary 'cenvalarc.bigmem' full (1/1), skipping.
✅ Submitted H2O_HF_6-31+Gdp_q0_m1.com → Job ID 1590346 (partition=short)
⚠️ Primary 'cenvalarc.bigmem' full (1/1), skipping.
✅ Submitted H2O_HF_STO-3G_q0_m1.com → Job ID 1590347 (partition=short)
⚠️ Primary 'cenvalarc.bigmem' full (1/1), skipping.
✅ Submitted H2O_HF_genecp_q0_m1.com → Job ID 1590348 (partition=short)
⚠️ Primary 'cenvalarc.bigmem' full (1/1), skipping.
✅ Submitted H2_B3LYP_6-31+Gdp_q0_m1.com → Job ID 1590349 (partition=short)
⚠️ Primary 'cenvalarc.bigmem' full (1/1), skipping.
✅ Submitted H2_B3LYP_STO-3G_q0_m1.com → Job ID 1590350 (partition=short)
⚠️ Primary 'cenvalarc.bigmem' full (1/1), skipping.
✅ Submitted H2_B3LYP_genecp_q0_m1.com → Job ID 1590351 (partition=short)
⚠️ Primary 'cenvalarc.bigmem' full (1/1), skipping.
❌ Submission error in stderr on 'short':
sbatch: error: QOSMaxSubmitJobPerUserLimit
sbatch: error: Batch job submission failed: Job violates accounting/QOS policy (job submit limit, user's size and/or time limits)
⚠️ Primary 'cenvalarc.bigmem' full (1/1), skipping.
❌ Submission error in stderr on 'short':
sbatch: error: QOSMaxSubmitJobPerUserLimit
sbatch: error: Batch job submission failed: Job violates accounting/QOS policy (job submit limit, user's size and/or time limits)
⚠️ Primary 'cenvalarc.bigmem' full (1/1), skipping.
❌ Submission error in stderr on 'short':
sbatch: error: QOSMaxSubmitJobPerUserLimit
sbatch: error: Batch job submission failed: Job violates accounting/QOS policy (job submit limit, user's size and/or time limits)
⚠️ Primary 'cenvalarc.bigmem' full (1/1), skipping.
❌ Submission error in stderr on 'short':
sbatch: error: QOSMaxSubmitJobPerUserLimit
sbatch: error: Batch job submission failed: Job violates accounting/QOS policy (job submit limit, user's size and/or time limits)
⚠️ Primary 'cenvalarc.bigmem' full (1/1), skipping.
❌ Submission error in stderr on 'short':
sbatch: error: QOSMaxSubmitJobPerUserLimit
sbatch: error: Batch job submission failed: Job violates accounting/QOS policy (job submit limit, user's size and/or time limits)
⚠️ Primary 'cenvalarc.bigmem' full (1/1), skipping.
❌ Submission error in stderr on 'short':
sbatch: error: QOSMaxSubmitJobPerUserLimit
sbatch: error: Batch job submission failed: Job violates accounting/QOS policy (job submit limit, user's size and/or time limits)
⏳ Waiting for 18 batch jobs …
❌ ERROR termination detected in H2O_CAM-B3LYP_6-31+Gdp_q0_m1.log
